

Mon May 29 21:49:41 2017
Command line: TestDisk

TestDisk 7.0, Data Recovery Utility, April 2015
Christophe GRENIER <grenier@cgsecurity.org>
http://www.cgsecurity.org
OS: Linux, kernel 4.4.0-78-generic (#99-Ubuntu SMP Thu Apr 27 15:29:09 UTC 2017) x86_64
Compiler: GCC 5.3
ext2fs lib: 1.42.13, ntfs lib: libntfs-3g, reiserfs lib: none, ewf lib: none, curses lib: ncurses 6.0
/dev/sda: LBA, HPA, LBA48, DCO support
/dev/sda: size       625142448 sectors
/dev/sda: user_max   625142448 sectors
/dev/sda: native_max 625142448 sectors
/dev/sda: dco        625142448 sectors
Warning: can't get size for Disk /dev/mapper/control - 0 B - 0 sectors, sector size=512
Hard disk list
Disk /dev/sda - 320 GB / 298 GiB - CHS 38913 255 63, sector size=512 - ST9320325AS, S/N:5VD39N68, FW:D003DEM1

Partition table type (auto): Intel
Disk /dev/sda - 320 GB / 298 GiB - ST9320325AS
Partition table type: Intel
Partition table type (auto): Intel
Partition table type (auto): Intel
Disk /dev/sda - 320 GB / 298 GiB - ST9320325AS
Partition table type: Intel
SIGHUP detected! TestDisk has been killed.
